../Core/Inc/Color.c:28:13:RGB_LED_Off	8	static
../Core/Inc/Color.c:35:13:RGB_LED_Red	8	static
../Core/Inc/Color.c:42:13:RGB_LED_Green	8	static
../Core/Inc/Color.c:49:13:RGB_LED_Blue	8	static
../Core/Inc/Color.c:57:6:HAL_TIM_IC_CaptureCallback	16	static
../Core/Inc/Color.c:82:6:Color_Init	16	static
../Core/Inc/Color.c:94:10:Color_ReadRed	8	static
../Core/Inc/Color.c:102:10:Color_ReadGreen	8	static
../Core/Inc/Color.c:110:10:Color_ReadBlue	8	static
../Core/Inc/Color.c:118:6:Color_Detect	32	static
