../Core/Src/main.c:211:6:SetColorLED	24	static
../Core/Src/main.c:252:18:Local_Color_Detect	32	static
../Core/Src/main.c:278:7:NormalizeReflectance	32	static
../Core/Src/main.c:291:6:Check_Surface_Mode	24	static
../Core/Src/main.c:318:7:CalculatePosition	48	static
../Core/Src/main.c:343:6:SetMotorSpeeds	16	static
../Core/Src/main.c:363:7:FloatToString	56	static
../Core/Src/main.c:380:7:ComputePID	40	static
../Core/Src/main.c:402:6:Do_Pickup_Routine	8	static
../Core/Src/main.c:424:5:main	296	static
../Core/Src/main.c:846:6:SystemClock_Config	88	static
../Core/Src/main.c:878:13:MX_ADC1_Init	24	static
../Core/Src/main.c:920:13:MX_TIM2_Init	48	static
../Core/Src/main.c:959:13:MX_TIM3_Init	32	static
../Core/Src/main.c:991:13:MX_USART2_UART_Init	8	static
../Core/Src/main.c:1011:13:MX_DMA_Init	16	static
../Core/Src/main.c:1017:13:MX_GPIO_Init	40	static
../Core/Src/main.c:1061:6:HAL_ADC_ConvCpltCallback	16	static
../Core/Src/main.c:1067:6:Error_Handler	4	static,ignoring_inline_asm
