../Core/Src/main.c:211:6:SetColorLED	5
../Core/Src/main.c:252:18:Local_Color_Detect	7
../Core/Src/main.c:278:7:NormalizeReflectance	5
../Core/Src/main.c:291:6:Check_Surface_Mode	5
../Core/Src/main.c:318:7:CalculatePosition	7
../Core/Src/main.c:343:6:SetMotorSpeeds	3
../Core/Src/main.c:363:7:FloatToString	6
../Core/Src/main.c:380:7:ComputePID	4
../Core/Src/main.c:402:6:Do_Pickup_Routine	2
../Core/Src/main.c:424:5:main	74
../Core/Src/main.c:846:6:SystemClock_Config	4
../Core/Src/main.c:878:13:MX_ADC1_Init	7
../Core/Src/main.c:920:13:MX_TIM2_Init	7
../Core/Src/main.c:959:13:MX_TIM3_Init	4
../Core/Src/main.c:991:13:MX_USART2_UART_Init	2
../Core/Src/main.c:1011:13:MX_DMA_Init	1
../Core/Src/main.c:1017:13:MX_GPIO_Init	1
../Core/Src/main.c:1061:6:HAL_ADC_ConvCpltCallback	2
../Core/Src/main.c:1067:6:Error_Handler	1
