../Core/Src/main.c:161:18:Local_Color_Detect	40	static
../Core/Src/main.c:183:7:NormalizeReflectance	32	static
../Core/Src/main.c:197:6:Check_Surface_Mode	24	static
../Core/Src/main.c:222:7:CalculatePosition	48	static
../Core/Src/main.c:241:6:SetMotorSpeeds	16	static
../Core/Src/main.c:258:7:FloatToString	56	static
../Core/Src/main.c:277:7:ComputePID	40	static
../Core/Src/main.c:288:6:Do_Pickup_Routine	8	static
../Core/Src/main.c:299:6:Do_Light_Blink	8	static
../Core/Src/main.c:310:5:main	272	static
../Core/Src/main.c:501:6:SystemClock_Config	88	static
../Core/Src/main.c:525:13:MX_ADC1_Init	24	static
../Core/Src/main.c:542:13:MX_TIM2_Init	48	static
../Core/Src/main.c:566:13:MX_TIM3_Init	32	static
../Core/Src/main.c:586:13:MX_USART2_UART_Init	8	static
../Core/Src/main.c:598:13:MX_DMA_Init	16	static
../Core/Src/main.c:604:13:MX_GPIO_Init	40	static
../Core/Src/main.c:644:6:HAL_ADC_ConvCpltCallback	16	static
../Core/Src/main.c:649:6:Error_Handler	4	static,ignoring_inline_asm
