../Core/Src/main.c:161:18:Local_Color_Detect	7
../Core/Src/main.c:183:7:NormalizeReflectance	4
../Core/Src/main.c:197:6:Check_Surface_Mode	5
../Core/Src/main.c:222:7:CalculatePosition	7
../Core/Src/main.c:241:6:SetMotorSpeeds	3
../Core/Src/main.c:258:7:FloatToString	10
../Core/Src/main.c:277:7:ComputePID	4
../Core/Src/main.c:288:6:Do_Pickup_Routine	1
../Core/Src/main.c:299:6:Do_Light_Blink	1
../Core/Src/main.c:310:5:main	60
../Core/Src/main.c:501:6:SystemClock_Config	1
../Core/Src/main.c:525:13:MX_ADC1_Init	1
../Core/Src/main.c:542:13:MX_TIM2_Init	1
../Core/Src/main.c:566:13:MX_TIM3_Init	1
../Core/Src/main.c:586:13:MX_USART2_UART_Init	1
../Core/Src/main.c:598:13:MX_DMA_Init	1
../Core/Src/main.c:604:13:MX_GPIO_Init	1
../Core/Src/main.c:644:6:HAL_ADC_ConvCpltCallback	2
../Core/Src/main.c:649:6:Error_Handler	1
