../Core/Src/main.c:86:5:__io_putchar	16	static
../Core/Src/main.c:90:6:HAL_ADC_ConvCpltCallback	16	static
../Core/Src/main.c:93:7:NormalizeReflectance	32	static
../Core/Src/main.c:100:7:CalculatePosition	48	static
../Core/Src/main.c:116:6:SetMotorSpeeds	16	static
../Core/Src/main.c:132:7:FloatToString	56	static
../Core/Src/main.c:157:5:main	640	static
../Core/Src/main.c:319:6:SystemClock_Config	88	static
../Core/Src/main.c:351:13:MX_ADC1_Init	24	static
../Core/Src/main.c:397:13:MX_TIM2_Init	48	static
../Core/Src/main.c:439:13:MX_TIM3_Init	32	static
../Core/Src/main.c:468:13:MX_USART2_UART_Init	8	static
../Core/Src/main.c:483:13:MX_DMA_Init	16	static
../Core/Src/main.c:489:13:MX_GPIO_Init	40	static
../Core/Src/main.c:529:6:Error_Handler	4	static,ignoring_inline_asm
