../Core/Src/main.c:86:5:__io_putchar	1
../Core/Src/main.c:90:6:HAL_ADC_ConvCpltCallback	2
../Core/Src/main.c:93:7:NormalizeReflectance	3
../Core/Src/main.c:100:7:CalculatePosition	6
../Core/Src/main.c:116:6:SetMotorSpeeds	3
../Core/Src/main.c:132:7:FloatToString	10
../Core/Src/main.c:157:5:main	36
../Core/Src/main.c:319:6:SystemClock_Config	4
../Core/Src/main.c:351:13:MX_ADC1_Init	7
../Core/Src/main.c:397:13:MX_TIM2_Init	7
../Core/Src/main.c:439:13:MX_TIM3_Init	4
../Core/Src/main.c:468:13:MX_USART2_UART_Init	2
../Core/Src/main.c:483:13:MX_DMA_Init	1
../Core/Src/main.c:489:13:MX_GPIO_Init	1
../Core/Src/main.c:529:6:Error_Handler	1
