../Core/Src/main.c:81:7:NormalizeReflectance	3
../Core/Src/main.c:89:7:CalculatePosition	6
../Core/Src/main.c:108:6:SetMotorSpeeds	3
../Core/Src/main.c:127:7:FloatToString	10
../Core/Src/main.c:164:5:main	19
../Core/Src/main.c:277:6:SystemClock_Config	4
../Core/Src/main.c:315:13:MX_ADC1_Init	7
../Core/Src/main.c:366:13:MX_TIM2_Init	7
../Core/Src/main.c:413:13:MX_TIM3_Init	4
../Core/Src/main.c:447:13:MX_USART2_UART_Init	2
../Core/Src/main.c:465:13:MX_DMA_Init	1
../Core/Src/main.c:476:13:MX_GPIO_Init	1
../Core/Src/main.c:513:6:HAL_ADC_ConvCpltCallback	2
../Core/Src/main.c:524:6:Error_Handler	1
