../Core/Src/main.c:81:7:NormalizeReflectance	32	static
../Core/Src/main.c:89:7:CalculatePosition	48	static
../Core/Src/main.c:108:6:SetMotorSpeeds	16	static
../Core/Src/main.c:127:7:FloatToString	56	static
../Core/Src/main.c:164:5:main	504	static
../Core/Src/main.c:277:6:SystemClock_Config	88	static
../Core/Src/main.c:315:13:MX_ADC1_Init	24	static
../Core/Src/main.c:366:13:MX_TIM2_Init	48	static
../Core/Src/main.c:413:13:MX_TIM3_Init	32	static
../Core/Src/main.c:447:13:MX_USART2_UART_Init	8	static
../Core/Src/main.c:465:13:MX_DMA_Init	16	static
../Core/Src/main.c:476:13:MX_GPIO_Init	40	static
../Core/Src/main.c:513:6:HAL_ADC_ConvCpltCallback	16	static
../Core/Src/main.c:524:6:Error_Handler	4	static,ignoring_inline_asm
