../Core/Src/main.c:110:5:main	15
../Core/Src/main.c:203:6:SystemClock_Config	4
../Core/Src/main.c:232:13:MX_GPIO_Init	1
../Core/Src/main.c:277:13:MX_DMA_Init	1
../Core/Src/main.c:284:13:MX_USART2_UART_Init	2
../Core/Src/main.c:297:13:MX_ADC1_Init	7
../Core/Src/main.c:328:13:MX_TIM2_Init	7
../Core/Src/main.c:358:13:MX_TIM3_Init	4
../Core/Src/main.c:383:6:init_QLearningController	4
../Core/Src/main.c:410:5:Get_state	13
../Core/Src/main.c:448:5:choose_action	14
../Core/Src/main.c:492:6:perform_action	8
../Core/Src/main.c:514:6:Error_Handler	1
